// Jest Snapshot v1, https://goo.gl/fbAQLP

exports[`App componenet renders the app 1`] = `
<BrowserRouter>
  <Header />
  <Switch>
    <Route
      component={[Function]}
      path="/red"
    />
    <Route
      component={[Function]}
      path="/blue"
    />
    <Route
      componenet={[Function]}
      path="/yellow"
    />
  </Switch>
</BrowserRouter>
`;
